1769600861: mosquitto version 2.0.22 starting
1769600861: Config loaded from /mosquitto/config/mosquitto.conf.
1769600861: Error: Unable to open pwfile "/mosquitto/config/passwd".
1769600861: Error opening password file "/mosquitto/config/passwd".
1769600862: mosquitto version 2.0.22 starting
1769600862: Config loaded from /mosquitto/config/mosquitto.conf.
1769600862: Error: Unable to open pwfile "/mosquitto/config/passwd".
1769600862: Error opening password file "/mosquitto/config/passwd".
1769600863: mosquitto version 2.0.22 starting
1769600863: Config loaded from /mosquitto/config/mosquitto.conf.
1769600863: Error: Unable to open pwfile "/mosquitto/config/passwd".
1769600863: Error opening password file "/mosquitto/config/passwd".
1769600864: mosquitto version 2.0.22 starting
1769600864: Config loaded from /mosquitto/config/mosquitto.conf.
1769600864: Error: Unable to open pwfile "/mosquitto/config/passwd".
1769600864: Error opening password file "/mosquitto/config/passwd".
1769600865: mosquitto version 2.0.22 starting
1769600865: Config loaded from /mosquitto/config/mosquitto.conf.
1769600865: Error: Unable to open pwfile "/mosquitto/config/passwd".
1769600865: Error opening password file "/mosquitto/config/passwd".
1769600867: mosquitto version 2.0.22 starting
1769600867: Config loaded from /mosquitto/config/mosquitto.conf.
1769600867: Error: Unable to open pwfile "/mosquitto/config/passwd".
1769600867: Error opening password file "/mosquitto/config/passwd".
1769600871: mosquitto version 2.0.22 starting
1769600871: Config loaded from /mosquitto/config/mosquitto.conf.
1769600871: Error: Unable to open pwfile "/mosquitto/config/passwd".
1769600871: Error opening password file "/mosquitto/config/passwd".
1769600878: mosquitto version 2.0.22 starting
1769600878: Config loaded from /mosquitto/config/mosquitto.conf.
1769600878: Error: Unable to open pwfile "/mosquitto/config/passwd".
1769600878: Error opening password file "/mosquitto/config/passwd".
1769600891: mosquitto version 2.0.22 starting
1769600891: Config loaded from /mosquitto/config/mosquitto.conf.
1769600891: Error: Unable to open pwfile "/mosquitto/config/passwd".
1769600891: Error opening password file "/mosquitto/config/passwd".
1769600916: mosquitto version 2.0.22 starting
1769600916: Config loaded from /mosquitto/config/mosquitto.conf.
1769600916: Error: Unable to open pwfile "/mosquitto/config/passwd".
1769600916: Error opening password file "/mosquitto/config/passwd".
1769600968: mosquitto version 2.0.22 starting
1769600968: Config loaded from /mosquitto/config/mosquitto.conf.
1769600968: Error: Unable to open pwfile "/mosquitto/config/passwd".
1769600968: Error opening password file "/mosquitto/config/passwd".
1769601028: mosquitto version 2.0.22 starting
1769601028: Config loaded from /mosquitto/config/mosquitto.conf.
1769601028: Error: Unable to open pwfile "/mosquitto/config/passwd".
1769601028: Error opening password file "/mosquitto/config/passwd".
1769601089: mosquitto version 2.0.22 starting
1769601089: Config loaded from /mosquitto/config/mosquitto.conf.
1769601089: Error: Unable to open pwfile "/mosquitto/config/passwd".
1769601089: Error opening password file "/mosquitto/config/passwd".
1769601149: mosquitto version 2.0.22 starting
1769601149: Config loaded from /mosquitto/config/mosquitto.conf.
1769601149: Error: Unable to open pwfile "/mosquitto/config/passwd".
1769601149: Error opening password file "/mosquitto/config/passwd".
1769601209: mosquitto version 2.0.22 starting
1769601209: Config loaded from /mosquitto/config/mosquitto.conf.
1769601209: Error: Unable to open pwfile "/mosquitto/config/passwd".
1769601209: Error opening password file "/mosquitto/config/passwd".
1769601367: mosquitto version 2.0.22 starting
1769601367: Config loaded from /mosquitto/config/mosquitto.conf.
1769601367: Error: Unable to open pwfile "/mosquitto/config/passwd".
1769601367: Error opening password file "/mosquitto/config/passwd".
1769601368: mosquitto version 2.0.22 starting
1769601368: Config loaded from /mosquitto/config/mosquitto.conf.
1769601368: Error: Unable to open pwfile "/mosquitto/config/passwd".
1769601368: Error opening password file "/mosquitto/config/passwd".
1769601369: mosquitto version 2.0.22 starting
1769601369: Config loaded from /mosquitto/config/mosquitto.conf.
1769601369: Error: Unable to open pwfile "/mosquitto/config/passwd".
1769601369: Error opening password file "/mosquitto/config/passwd".
1769601370: mosquitto version 2.0.22 starting
1769601370: Config loaded from /mosquitto/config/mosquitto.conf.
1769601370: Error: Unable to open pwfile "/mosquitto/config/passwd".
1769601370: Error opening password file "/mosquitto/config/passwd".
1769601372: mosquitto version 2.0.22 starting
1769601372: Config loaded from /mosquitto/config/mosquitto.conf.
1769601372: Error: Unable to open pwfile "/mosquitto/config/passwd".
1769601372: Error opening password file "/mosquitto/config/passwd".
1769601374: mosquitto version 2.0.22 starting
1769601374: Config loaded from /mosquitto/config/mosquitto.conf.
1769601374: Error: Unable to open pwfile "/mosquitto/config/passwd".
1769601374: Error opening password file "/mosquitto/config/passwd".
1769601378: mosquitto version 2.0.22 starting
1769601378: Config loaded from /mosquitto/config/mosquitto.conf.
1769601378: Error: Unable to open pwfile "/mosquitto/config/passwd".
1769601378: Error opening password file "/mosquitto/config/passwd".
1769601384: mosquitto version 2.0.22 starting
1769601384: Config loaded from /mosquitto/config/mosquitto.conf.
1769601384: Error: Unable to open pwfile "/mosquitto/config/passwd".
1769601384: Error opening password file "/mosquitto/config/passwd".
1769601397: mosquitto version 2.0.22 starting
1769601397: Config loaded from /mosquitto/config/mosquitto.conf.
1769601397: Error: Unable to open pwfile "/mosquitto/config/passwd".
1769601397: Error opening password file "/mosquitto/config/passwd".
1769601423: mosquitto version 2.0.22 starting
1769601423: Config loaded from /mosquitto/config/mosquitto.conf.
1769601423: Error: Unable to open pwfile "/mosquitto/config/passwd".
1769601423: Error opening password file "/mosquitto/config/passwd".
1769601534: mosquitto version 2.0.22 starting
1769601534: Config loaded from /mosquitto/config/mosquitto.conf.
1769601534: Opening ipv4 listen socket on port 1883.
1769601534: Opening ipv6 listen socket on port 1883.
1769601534: mosquitto version 2.0.22 running
1769601622: mosquitto version 2.0.22 terminating
1769601622: Saving in-memory database to /mosquitto/data//mosquitto.db.
1769601627: mosquitto version 2.0.22 starting
1769601627: Config loaded from /mosquitto/config/mosquitto.conf.
1769601627: Opening ipv4 listen socket on port 1883.
1769601627: Opening ipv6 listen socket on port 1883.
1769601627: mosquitto version 2.0.22 running
1769601629: New connection from 172.18.0.3:43902 on port 1883.
1769601629: New client connected from 172.18.0.3:43902 as mqttjs_d6c45c25 (p2, c1, k30, u'dipoassist').
1769602121: New connection from ::1:34346 on port 1883.
1769602121: New client connected from ::1:34346 as auto-891B0B7D-9314-2067-723E-E53E7B191789 (p2, c1, k60, u'dipoassist').
1769602121: Client auto-891B0B7D-9314-2067-723E-E53E7B191789 disconnected.
1769602151: New connection from ::1:42602 on port 1883.
1769602151: New client connected from ::1:42602 as auto-5389206D-E2EE-B149-8224-F7D183621A33 (p2, c1, k60, u'dipoassist').
1769602154: Client auto-5389206D-E2EE-B149-8224-F7D183621A33 disconnected.
1769602301: New connection from ::1:47306 on port 1883.
1769602301: New client connected from ::1:47306 as auto-2A5E7CF1-9211-0A8C-0455-496EC93F368E (p2, c1, k60, u'dipoassist').
1769602301: Client auto-2A5E7CF1-9211-0A8C-0455-496EC93F368E disconnected.
1769602327: New connection from ::1:42880 on port 1883.
1769602327: New client connected from ::1:42880 as auto-F16054DD-74EA-A537-CB37-EBD1CDA4C13A (p2, c1, k60, u'dipoassist').
1769602329: Client auto-F16054DD-74EA-A537-CB37-EBD1CDA4C13A disconnected.
1769602502: New connection from ::1:38138 on port 1883.
1769602502: New client connected from ::1:38138 as auto-C841C436-3242-6B8A-96DE-97961108C81F (p2, c1, k60, u'dipoassist').
1769602502: Client auto-C841C436-3242-6B8A-96DE-97961108C81F disconnected.
1769602541: New connection from ::1:51208 on port 1883.
1769602541: New client connected from ::1:51208 as auto-32D53FE2-9729-011A-1678-6C2FF7517692 (p2, c1, k60, u'dipoassist').
1769602541: Client auto-32D53FE2-9729-011A-1678-6C2FF7517692 disconnected.
1769602544: New connection from ::1:51216 on port 1883.
1769602544: New client connected from ::1:51216 as auto-37A76D17-9BBF-CFCF-4F96-4DDF52C8A321 (p2, c1, k60, u'dipoassist').
1769602544: Client auto-37A76D17-9BBF-CFCF-4F96-4DDF52C8A321 disconnected.
1769602545: New connection from ::1:58594 on port 1883.
1769602545: New client connected from ::1:58594 as auto-7D85AEA6-F80F-40FB-27EC-F582D352245E (p2, c1, k60, u'dipoassist').
1769602545: Client auto-7D85AEA6-F80F-40FB-27EC-F582D352245E disconnected.
1769602547: New connection from ::1:58604 on port 1883.
1769602547: New client connected from ::1:58604 as auto-4B1BD540-3E03-4119-A16E-9D19316B9757 (p2, c1, k60, u'dipoassist').
1769602547: Client auto-4B1BD540-3E03-4119-A16E-9D19316B9757 disconnected.
1769602549: New connection from ::1:58612 on port 1883.
1769602549: New client connected from ::1:58612 as auto-830BAAA8-B327-3673-123B-B7055288D9EC (p2, c1, k60, u'dipoassist').
1769602549: Client auto-830BAAA8-B327-3673-123B-B7055288D9EC disconnected.
1769602550: New connection from ::1:58614 on port 1883.
1769602550: New client connected from ::1:58614 as auto-C44DEAB9-C115-45F0-1209-B505A13CCBDC (p2, c1, k60, u'dipoassist').
1769602550: Client auto-C44DEAB9-C115-45F0-1209-B505A13CCBDC disconnected.
1769602552: New connection from ::1:58618 on port 1883.
1769602552: New client connected from ::1:58618 as auto-00E9D5D1-9307-74E4-9062-C31B5B327B6D (p2, c1, k60, u'dipoassist').
1769602552: Client auto-00E9D5D1-9307-74E4-9062-C31B5B327B6D disconnected.
1769602553: New connection from ::1:58630 on port 1883.
1769602553: New client connected from ::1:58630 as auto-DD11F74B-0553-7ACF-39CB-D37B9A0870BE (p2, c1, k60, u'dipoassist').
1769602553: Client auto-DD11F74B-0553-7ACF-39CB-D37B9A0870BE disconnected.
1769602554: New connection from ::1:52246 on port 1883.
1769602554: New client connected from ::1:52246 as auto-30B53DE4-0888-B66D-F064-D7C743070A4D (p2, c1, k60, u'dipoassist').
1769602554: Client auto-30B53DE4-0888-B66D-F064-D7C743070A4D disconnected.
1769602616: Client mqttjs_d6c45c25 closed its connection.
1769602617: mosquitto version 2.0.22 terminating
1769602617: Saving in-memory database to /mosquitto/data//mosquitto.db.
